2026-04-20 13:19:46.065 | INFO     | src.data_ingestion.fetch_data:fetch_daily_data:130 - Fetching daily data for GLD (2015-01-01 to 2024-12-31)...
2026-04-20 13:19:51.417 | INFO     | src.data_ingestion.fetch_data:fetch_daily_data:162 - ✅ Saved 2515 daily bars to data/raw\GLD_daily.csv
2026-04-20 13:19:51.417 | INFO     | src.data_ingestion.fetch_data:fetch_daily_data:163 -    Date range: 2015-01-02 00:00:00 to 2024-12-30 00:00:00
2026-04-20 13:19:51.418 | INFO     | src.data_ingestion.fetch_data:fetch_daily_data:130 - Fetching daily data for IAU (2015-01-01 to 2024-12-31)...
2026-04-20 13:19:51.682 | INFO     | src.data_ingestion.fetch_data:fetch_daily_data:162 - ✅ Saved 2515 daily bars to data/raw\IAU_daily.csv
2026-04-20 13:19:51.684 | INFO     | src.data_ingestion.fetch_data:fetch_daily_data:163 -    Date range: 2015-01-02 00:00:00 to 2024-12-30 00:00:00
2026-04-20 13:21:22.988 | INFO     | src.data_ingestion.fetch_data:fetch_daily_data:130 - Fetching daily data for GLD (2015-01-01 to 2024-12-31)...
2026-04-20 13:21:23.772 | INFO     | src.data_ingestion.fetch_data:fetch_daily_data:162 - ✅ Saved 2515 daily bars to data/raw\GLD_daily.csv
2026-04-20 13:21:23.774 | INFO     | src.data_ingestion.fetch_data:fetch_daily_data:163 -    Date range: 2015-01-02 00:00:00 to 2024-12-30 00:00:00
2026-04-20 13:21:23.775 | INFO     | src.data_ingestion.fetch_data:fetch_daily_data:130 - Fetching daily data for IAU (2015-01-01 to 2024-12-31)...
2026-04-20 13:21:24.071 | INFO     | src.data_ingestion.fetch_data:fetch_daily_data:162 - ✅ Saved 2515 daily bars to data/raw\IAU_daily.csv
2026-04-20 13:21:24.071 | INFO     | src.data_ingestion.fetch_data:fetch_daily_data:163 -    Date range: 2015-01-02 00:00:00 to 2024-12-30 00:00:00
2026-04-20 13:21:24.152 | INFO     | src.data_ingestion.fetch_data:fetch_daily_data:130 - Fetching daily data for SPY (2015-01-01 to 2024-12-31)...
2026-04-20 13:21:24.463 | INFO     | src.data_ingestion.fetch_data:fetch_daily_data:162 - ✅ Saved 2515 daily bars to data/raw\SPY_daily.csv
2026-04-20 13:21:24.463 | INFO     | src.data_ingestion.fetch_data:fetch_daily_data:163 -    Date range: 2015-01-02 00:00:00 to 2024-12-30 00:00:00
2026-04-20 13:21:24.464 | INFO     | src.data_ingestion.fetch_data:fetch_daily_data:130 - Fetching daily data for QQQ (2015-01-01 to 2024-12-31)...
2026-04-20 13:21:24.811 | INFO     | src.data_ingestion.fetch_data:fetch_daily_data:162 - ✅ Saved 2515 daily bars to data/raw\QQQ_daily.csv
2026-04-20 13:21:24.811 | INFO     | src.data_ingestion.fetch_data:fetch_daily_data:163 -    Date range: 2015-01-02 00:00:00 to 2024-12-30 00:00:00
2026-04-20 13:33:08.896 | INFO     | src.data_ingestion.fetch_data:fetch_daily_data:130 - Fetching daily data for GLD (2015-01-01 to 2024-12-31)...
2026-04-20 13:33:09.629 | INFO     | src.data_ingestion.fetch_data:fetch_daily_data:162 - ✅ Saved 2515 daily bars to data/raw\GLD_daily.csv
2026-04-20 13:33:09.629 | INFO     | src.data_ingestion.fetch_data:fetch_daily_data:163 -    Date range: 2015-01-02 00:00:00 to 2024-12-30 00:00:00
2026-04-20 13:33:09.629 | INFO     | src.data_ingestion.fetch_data:fetch_daily_data:130 - Fetching daily data for IAU (2015-01-01 to 2024-12-31)...
2026-04-20 13:33:10.131 | INFO     | src.data_ingestion.fetch_data:fetch_daily_data:162 - ✅ Saved 2515 daily bars to data/raw\IAU_daily.csv
2026-04-20 13:33:10.133 | INFO     | src.data_ingestion.fetch_data:fetch_daily_data:163 -    Date range: 2015-01-02 00:00:00 to 2024-12-30 00:00:00
2026-04-20 13:33:10.277 | INFO     | src.data_ingestion.fetch_data:fetch_daily_data:130 - Fetching daily data for SPY (2015-01-01 to 2024-12-31)...
2026-04-20 13:33:10.762 | INFO     | src.data_ingestion.fetch_data:fetch_daily_data:162 - ✅ Saved 2515 daily bars to data/raw\SPY_daily.csv
2026-04-20 13:33:10.764 | INFO     | src.data_ingestion.fetch_data:fetch_daily_data:163 -    Date range: 2015-01-02 00:00:00 to 2024-12-30 00:00:00
2026-04-20 13:33:10.765 | INFO     | src.data_ingestion.fetch_data:fetch_daily_data:130 - Fetching daily data for QQQ (2015-01-01 to 2024-12-31)...
2026-04-20 13:33:11.254 | INFO     | src.data_ingestion.fetch_data:fetch_daily_data:162 - ✅ Saved 2515 daily bars to data/raw\QQQ_daily.csv
2026-04-20 13:33:11.254 | INFO     | src.data_ingestion.fetch_data:fetch_daily_data:163 -    Date range: 2015-01-02 00:00:00 to 2024-12-30 00:00:00
2026-04-20 13:51:20.104 | INFO     | src.data_ingestion.fetch_data:fetch_daily_data:130 - Fetching daily data for GLD (2015-01-01 to 2024-12-31)...
2026-04-20 13:51:21.017 | INFO     | src.data_ingestion.fetch_data:fetch_daily_data:162 - ✅ Saved 2515 daily bars to data/raw\GLD_daily.csv
2026-04-20 13:51:21.017 | INFO     | src.data_ingestion.fetch_data:fetch_daily_data:163 -    Date range: 2015-01-02 00:00:00 to 2024-12-30 00:00:00
2026-04-20 13:51:21.018 | INFO     | src.data_ingestion.fetch_data:fetch_daily_data:130 - Fetching daily data for IAU (2015-01-01 to 2024-12-31)...
2026-04-20 13:51:21.366 | INFO     | src.data_ingestion.fetch_data:fetch_daily_data:162 - ✅ Saved 2515 daily bars to data/raw\IAU_daily.csv
2026-04-20 13:51:21.366 | INFO     | src.data_ingestion.fetch_data:fetch_daily_data:163 -    Date range: 2015-01-02 00:00:00 to 2024-12-30 00:00:00
2026-04-20 13:51:21.448 | INFO     | src.data_ingestion.fetch_data:fetch_daily_data:130 - Fetching daily data for SPY (2015-01-01 to 2024-12-31)...
2026-04-20 13:51:21.821 | INFO     | src.data_ingestion.fetch_data:fetch_daily_data:162 - ✅ Saved 2515 daily bars to data/raw\SPY_daily.csv
2026-04-20 13:51:21.821 | INFO     | src.data_ingestion.fetch_data:fetch_daily_data:163 -    Date range: 2015-01-02 00:00:00 to 2024-12-30 00:00:00
2026-04-20 13:51:21.821 | INFO     | src.data_ingestion.fetch_data:fetch_daily_data:130 - Fetching daily data for QQQ (2015-01-01 to 2024-12-31)...
2026-04-20 13:51:22.218 | INFO     | src.data_ingestion.fetch_data:fetch_daily_data:162 - ✅ Saved 2515 daily bars to data/raw\QQQ_daily.csv
2026-04-20 13:51:22.218 | INFO     | src.data_ingestion.fetch_data:fetch_daily_data:163 -    Date range: 2015-01-02 00:00:00 to 2024-12-30 00:00:00
2026-04-20 13:55:12.717 | INFO     | src.data_ingestion.fetch_data:fetch_daily_data:130 - Fetching daily data for GLD (2015-01-01 to 2024-12-31)...
2026-04-20 13:55:13.388 | INFO     | src.data_ingestion.fetch_data:fetch_daily_data:162 - ✅ Saved 2515 daily bars to data/raw\GLD_daily.csv
2026-04-20 13:55:13.389 | INFO     | src.data_ingestion.fetch_data:fetch_daily_data:163 -    Date range: 2015-01-02 00:00:00 to 2024-12-30 00:00:00
2026-04-20 13:55:13.389 | INFO     | src.data_ingestion.fetch_data:fetch_daily_data:130 - Fetching daily data for IAU (2015-01-01 to 2024-12-31)...
2026-04-20 13:55:13.670 | INFO     | src.data_ingestion.fetch_data:fetch_daily_data:162 - ✅ Saved 2515 daily bars to data/raw\IAU_daily.csv
2026-04-20 13:55:13.670 | INFO     | src.data_ingestion.fetch_data:fetch_daily_data:163 -    Date range: 2015-01-02 00:00:00 to 2024-12-30 00:00:00
2026-04-20 13:55:13.766 | INFO     | src.data_ingestion.fetch_data:fetch_daily_data:130 - Fetching daily data for SPY (2015-01-01 to 2024-12-31)...
2026-04-20 13:55:14.131 | INFO     | src.data_ingestion.fetch_data:fetch_daily_data:162 - ✅ Saved 2515 daily bars to data/raw\SPY_daily.csv
2026-04-20 13:55:14.132 | INFO     | src.data_ingestion.fetch_data:fetch_daily_data:163 -    Date range: 2015-01-02 00:00:00 to 2024-12-30 00:00:00
2026-04-20 13:55:14.132 | INFO     | src.data_ingestion.fetch_data:fetch_daily_data:130 - Fetching daily data for QQQ (2015-01-01 to 2024-12-31)...
2026-04-20 13:55:14.474 | INFO     | src.data_ingestion.fetch_data:fetch_daily_data:162 - ✅ Saved 2515 daily bars to data/raw\QQQ_daily.csv
2026-04-20 13:55:14.475 | INFO     | src.data_ingestion.fetch_data:fetch_daily_data:163 -    Date range: 2015-01-02 00:00:00 to 2024-12-30 00:00:00
2026-04-20 15:11:53.383 | INFO     | src.data_ingestion.fetch_data:fetch_daily_data:130 - Fetching daily data for GLD (2015-01-01 to 2024-12-31)...
2026-04-20 15:11:54.151 | INFO     | src.data_ingestion.fetch_data:fetch_daily_data:162 - ✅ Saved 2515 daily bars to data/raw\GLD_daily.csv
2026-04-20 15:11:54.152 | INFO     | src.data_ingestion.fetch_data:fetch_daily_data:163 -    Date range: 2015-01-02 00:00:00 to 2024-12-30 00:00:00
2026-04-20 15:11:54.152 | INFO     | src.data_ingestion.fetch_data:fetch_daily_data:130 - Fetching daily data for IAU (2015-01-01 to 2024-12-31)...
2026-04-20 15:11:54.400 | INFO     | src.data_ingestion.fetch_data:fetch_daily_data:162 - ✅ Saved 2515 daily bars to data/raw\IAU_daily.csv
2026-04-20 15:11:54.400 | INFO     | src.data_ingestion.fetch_data:fetch_daily_data:163 -    Date range: 2015-01-02 00:00:00 to 2024-12-30 00:00:00
2026-04-20 15:11:54.442 | INFO     | src.data_ingestion.fetch_data:fetch_daily_data:130 - Fetching daily data for SPY (2015-01-01 to 2024-12-31)...
2026-04-20 15:11:54.681 | INFO     | src.data_ingestion.fetch_data:fetch_daily_data:162 - ✅ Saved 2515 daily bars to data/raw\SPY_daily.csv
2026-04-20 15:11:54.681 | INFO     | src.data_ingestion.fetch_data:fetch_daily_data:163 -    Date range: 2015-01-02 00:00:00 to 2024-12-30 00:00:00
2026-04-20 15:11:54.681 | INFO     | src.data_ingestion.fetch_data:fetch_daily_data:130 - Fetching daily data for QQQ (2015-01-01 to 2024-12-31)...
2026-04-20 15:11:54.911 | INFO     | src.data_ingestion.fetch_data:fetch_daily_data:162 - ✅ Saved 2515 daily bars to data/raw\QQQ_daily.csv
2026-04-20 15:11:54.911 | INFO     | src.data_ingestion.fetch_data:fetch_daily_data:163 -    Date range: 2015-01-02 00:00:00 to 2024-12-30 00:00:00
